[backblue.gif]
[fade.gif]
[index.html]
[chuck.cs.princeton.edu/doc/program/ugen.html]
[chuck.cs.princeton.edu/doc/ckdoc.css]
[chuck.cs.princeton.edu/doc/program/ugen_full.html]
[chuck.cs.princeton.edu/doc/program/keywords.html]
[chuck.cs.princeton.edu/doc/program/stdlib.html]
[chuck.cs.princeton.edu/doc/images/on-the-fly_50dpi.jpg]
[www.google-analytics.com/urchin.js]
[chuck.cs.princeton.edu/doc/program/index.html]
[chuck.cs.princeton.edu/chuck.css]
[chuck.cs.princeton.edu/doc/program/wiki.css]
[chuck.cs.princeton.edu/doc/program/common.css]
[chuck.cs.princeton.edu/doc/program/iefixes.css]
[chuck.cs.princeton.edu/doc/program/'http_/chuck.cs.princeton.edu/doc/examples/otf_01.html]
[chuck.cs.princeton.edu/doc/program/'http_/chuck.cs.princeton.edu/doc/examples/otf_02.html]
[chuck.cs.princeton.edu/doc/program/'http_/chuck.cs.princeton.edu/doc/examples/otf_03.html]
[chuck.cs.princeton.edu/doc/program/'http_/chuck.cs.princeton.edu/doc/examples/otf_04.html]
[chuck.cs.princeton.edu/doc/program/'http_/chuck.cs.princeton.edu/doc/examples/otf_05.html]
[chuck.cs.princeton.edu/doc/program/'http_/chuck.cs.princeton.edu/doc/examples/otf_06.html]
[chuck.cs.princeton.edu/doc/program/'http_/chuck.cs.princeton.edu/doc/examples/otf_07.html]
[chuck.cs.princeton.edu/doc/program/'http_/on-the-fly.cs.princeton.edu/'.html]
[chuck.cs.princeton.edu/doc/program/index-2.html]
[chuck.cs.princeton.edu/doc/program/otfp.html]
[chuck.cs.princeton.edu/doc/program/vm.html]
[chuck.cs.princeton.edu/doc/program/uana.html]
[chuck.cs.princeton.edu/doc/program/headbg.html]
[chuck.cs.princeton.edu/doc/program/bullet.html]
[chuck.cs.princeton.edu/doc/program/external.html]
[chuck.cs.princeton.edu/doc/program/lock_icon.html]
[chuck.cs.princeton.edu/doc/program/mail_icon.html]
[chuck.cs.princeton.edu/doc/program/news_icon.html]
[chuck.cs.princeton.edu/doc/program/file_icon.html]
[chuck.cs.princeton.edu/doc/program/discussionitem_icon.html]
[chuck.cs.princeton.edu/doc/program/user.html]
[chuck.cs.princeton.edu/doc/program/IE60Fixes.html]
[chuck.cs.princeton.edu/doc/program/uana_full.html]
